This is XeTeX, Version 3.141592653-2.6-0.999998 (MiKTeX 26.5) (preloaded format=xelatex 2026.6.23)  24 JUN 2026 21:58
entering extended mode
 restricted \write18 enabled.
 %&-line parsing enabled.
**"./2.Literature Review.tex"
(2.Literature Review.tex
LaTeX2e <2026-06-01>
L3 programming layer <2026-05-26>
! Undefined control sequence.
l.1 \chapter
            {Literature Review}
The control sequence at the end of the top line
of your error message was never \def'ed. If you have
misspelled it (e.g., `\hobx'), type `I' and the correct
spelling (e.g., `I\hbox'). Otherwise just continue,
and I'll forget about whatever was undefined.


! LaTeX Error: Missing \begin{document}.

See the LaTeX manual or LaTeX Companion for explanation.
Type  H <return>  for immediate help.
 ...                                              
                                                  
l.1 \chapter{L
              iterature Review}
You're in trouble here.  Try typing  <return>  to proceed.
If that doesn't work, type  X <return>  to quit.

Missing character: There is no L in font nullfont!
Missing character: There is no i in font nullfont!
Missing character: There is no t in font nullfont!
Missing character: There is no e in font nullfont!
Missing character: There is no r in font nullfont!
Missing character: There is no a in font nullfont!
Missing character: There is no t in font nullfont!
Missing character: There is no u in font nullfont!
Missing character: There is no r in font nullfont!
Missing character: There is no e in font nullfont!
Missing character: There is no R in font nullfont!
Missing character: There is no e in font nullfont!
Missing character: There is no v in font nullfont!
Missing character: There is no i in font nullfont!
Missing character: There is no e in font nullfont!
Missing character: There is no w in font nullfont!

Overfull \hbox (20.0pt too wide) in paragraph at lines 1--3
[]
 []

! Undefined control sequence.
l.4 \section
            {2.1}
The control sequence at the end of the top line
of your error message was never \def'ed. If you have
misspelled it (e.g., `\hobx'), type `I' and the correct
spelling (e.g., `I\hbox'). Otherwise just continue,
and I'll forget about whatever was undefined.


! LaTeX Error: Missing \begin{document}.

See the LaTeX manual or LaTeX Companion for explanation.
Type  H <return>  for immediate help.
 ...                                              
                                                  
l.4 \section{2
              .1}
You're in trouble here.  Try typing  <return>  to proceed.
If that doesn't work, type  X <return>  to quit.

Missing character: There is no 2 in font nullfont!
Missing character: There is no . in font nullfont!
Missing character: There is no 1 in font nullfont!
Missing character: There is no 通 in font nullfont!
Missing character: There is no 常 in font nullfont!
Missing character: There is no 第 in font nullfont!
Missing character: There is no 二 in font nullfont!
Missing character: There is no 段 in font nullfont!
Missing character: There is no 就 in font nullfont!
Missing character: There is no 是 in font nullfont!
Missing character: There is no 寫 in font nullfont!
Missing character: There is no 相 in font nullfont!
Missing character: There is no 關 in font nullfont!
Missing character: There is no 的 in font nullfont!
Missing character: There is no 參 in font nullfont!
Missing character: There is no 考 in font nullfont!
Missing character: There is no 文 in font nullfont!
Missing character: There is no 獻 in font nullfont!
Missing character: There is no , in font nullfont!
Missing character: There is no 只 in font nullfont!
Missing character: There is no 有 in font nullfont!
Missing character: There is no c in font nullfont!
Missing character: There is no i in font nullfont!
Missing character: There is no t in font nullfont!
Missing character: There is no e in font nullfont!
Missing character: There is no 到 in font nullfont!
Missing character: There is no 的 in font nullfont!
Missing character: There is no 文 in font nullfont!
Missing character: There is no 章 in font nullfont!
Missing character: There is no 才 in font nullfont!
Missing character: There is no 會 in font nullfont!
Missing character: There is no 出 in font nullfont!
Missing character: There is no 現 in font nullfont!
Missing character: There is no 編 in font nullfont!
Missing character: There is no 號 in font nullfont!
Missing character: There is no 並 in font nullfont!
Missing character: There is no 且 in font nullfont!
Missing character: There is no 出 in font nullfont!
Missing character: There is no 現 in font nullfont!
Missing character: There is no 在 in font nullfont!
Missing character: There is no 最 in font nullfont!
Missing character: There is no 後 in font nullfont!
Missing character: There is no 面 in font nullfont!
Missing character: There is no . in font nullfont!
Missing character: There is no 舉 in font nullfont!
Missing character: There is no 例 in font nullfont!
Missing character: There is no 來 in font nullfont!
Missing character: There is no 說 in font nullfont!
Missing character: There is no , in font nullfont!
Missing character: There is no 如 in font nullfont!
Missing character: There is no 果 in font nullfont!
Missing character: There is no 在 in font nullfont!
Missing character: There is no r in font nullfont!
Missing character: There is no e in font nullfont!
Missing character: There is no f in font nullfont!
Missing character: There is no . in font nullfont!
Missing character: There is no b in font nullfont!
Missing character: There is no i in font nullfont!
Missing character: There is no b in font nullfont!
Missing character: There is no 裡 in font nullfont!
Missing character: There is no 放 in font nullfont!
Missing character: There is no 了 in font nullfont!
Missing character: There is no 1 in font nullfont!
Missing character: There is no 0 in font nullfont!
Missing character: There is no 篇 in font nullfont!
Missing character: There is no 論 in font nullfont!
Missing character: There is no 文 in font nullfont!
Missing character: There is no , in font nullfont!
Missing character: There is no 可 in font nullfont!
Missing character: There is no 是 in font nullfont!
Missing character: There is no 內 in font nullfont!
Missing character: There is no 文 in font nullfont!
Missing character: There is no 只 in font nullfont!
Missing character: There is no 有 in font nullfont!
Missing character: There is no c in font nullfont!
Missing character: There is no i in font nullfont!
Missing character: There is no t in font nullfont!
Missing character: There is no e in font nullfont!
Missing character: There is no 其 in font nullfont!
Missing character: There is no 中 in font nullfont!
Missing character: There is no 五 in font nullfont!
Missing character: There is no 篇 in font nullfont!
Missing character: There is no , in font nullfont!
Missing character: There is no 編 in font nullfont!
Missing character: There is no 譯 in font nullfont!
Missing character: There is no 出 in font nullfont!
Missing character: There is no 來 in font nullfont!
Missing character: There is no 的 in font nullfont!
Missing character: There is no 結 in font nullfont!
Missing character: There is no 果 in font nullfont!
Missing character: There is no 就 in font nullfont!
Missing character: There is no 只 in font nullfont!
Missing character: There is no 會 in font nullfont!
Missing character: There is no 顯 in font nullfont!
Missing character: There is no 示 in font nullfont!
Missing character: There is no 這 in font nullfont!
Missing character: There is no 五 in font nullfont!
Missing character: There is no 篇 in font nullfont!
Missing character: There is no . in font nullfont!
Missing character: There is no R in font nullfont!
Missing character: There is no e in font nullfont!
Missing character: There is no f in font nullfont!
Missing character: There is no 有 in font nullfont!
Missing character: There is no 很 in font nullfont!
Missing character: There is no 多 in font nullfont!
Missing character: There is no 種 in font nullfont!
Missing character: There is no 風 in font nullfont!
Missing character: There is no 格 in font nullfont!
Missing character: There is no 寫 in font nullfont!
Missing character: There is no 法 in font nullfont!
Missing character: There is no , in font nullfont!
Missing character: There is no 本 in font nullfont!
Missing character: There is no 篇 in font nullfont!
Missing character: There is no 論 in font nullfont!
Missing character: There is no 文 in font nullfont!
Missing character: There is no 是 in font nullfont!
Missing character: There is no 採 in font nullfont!
Missing character: There is no 用 in font nullfont!
Missing character: There is no b in font nullfont!
Missing character: There is no i in font nullfont!
Missing character: There is no b in font nullfont!
Missing character: There is no l in font nullfont!
Missing character: There is no i in font nullfont!
Missing character: There is no o in font nullfont!
Missing character: There is no g in font nullfont!
Missing character: There is no r in font nullfont!
Missing character: There is no a in font nullfont!
Missing character: There is no p in font nullfont!
Missing character: There is no h in font nullfont!
Missing character: There is no y in font nullfont!
Missing character: There is no s in font nullfont!
Missing character: There is no t in font nullfont!
Missing character: There is no y in font nullfont!
Missing character: There is no l in font nullfont!
Missing character: There is no e in font nullfont!
LaTeX Font Info:    Trying to load font information for OMS+lmr on input line 5
.
(C:\Users\Kevin\AppData\Local\Programs\MiKTeX\tex/latex/lm\omslmr.fd
File: omslmr.fd 2015/05/01 v1.6.1 Font defs for Latin Modern
)
LaTeX Font Info:    Trying to load font information for OMS+lmsy on input line 
5.

(C:\Users\Kevin\AppData\Local\Programs\MiKTeX\tex/latex/lm\omslmsy.fd
File: omslmsy.fd 2015/05/01 v1.6.1 Font defs for Latin Modern
)
LaTeX Font Info:    Font shape `OMS/lmr/m/n' in size <10> not available
(Font)              Font shape `OMS/lmsy/m/n' tried instead on input line 5.

Missing character: There is no I in font nullfont!
Missing character: There is no E in font nullfont!
Missing character: There is no E in font nullfont!
Missing character: There is no E in font nullfont!
Missing character: There is no t in font nullfont!
Missing character: There is no r in font nullfont!
Missing character: There is no a in font nullfont!
Missing character: There is no n in font nullfont!
Missing character: There is no , in font nullfont!
Missing character: There is no o in font nullfont!
Missing character: There is no v in font nullfont!
Missing character: There is no e in font nullfont!
Missing character: There is no r in font nullfont!
Missing character: There is no l in font nullfont!
Missing character: There is no e in font nullfont!
Missing character: There is no a in font nullfont!
Missing character: There is no f in font nullfont!
Missing character: There is no 上 in font nullfont!
Missing character: There is no 有 in font nullfont!
Missing character: There is no 其 in font nullfont!
Missing character: There is no 他 in font nullfont!
Missing character: There is no s in font nullfont!
Missing character: There is no t in font nullfont!
Missing character: There is no y in font nullfont!
Missing character: There is no l in font nullfont!
Missing character: There is no e in font nullfont!
Missing character: There is no 語 in font nullfont!
Missing character: There is no 法 in font nullfont!
Missing character: There is no , in font nullfont!
Missing character: There is no 可 in font nullfont!
Missing character: There is no 以 in font nullfont!
Missing character: There is no 參 in font nullfont!
Missing character: There is no 考 in font nullfont!
Missing character: There is no : in font nullfont!
Missing character: There is no h in font nullfont!
Missing character: There is no t in font nullfont!
Missing character: There is no t in font nullfont!
Missing character: There is no p in font nullfont!
Missing character: There is no s in font nullfont!
Missing character: There is no : in font nullfont!
Missing character: There is no / in font nullfont!
Missing character: There is no / in font nullfont!
Missing character: There is no w in font nullfont!
Missing character: There is no w in font nullfont!
Missing character: There is no w in font nullfont!
Missing character: There is no . in font nullfont!
Missing character: There is no o in font nullfont!
Missing character: There is no v in font nullfont!
Missing character: There is no e in font nullfont!
Missing character: There is no r in font nullfont!
Missing character: There is no l in font nullfont!
Missing character: There is no e in font nullfont!
Missing character: There is no a in font nullfont!
Missing character: There is no f in font nullfont!
Missing character: There is no . in font nullfont!
Missing character: There is no c in font nullfont!
Missing character: There is no o in font nullfont!
Missing character: There is no m in font nullfont!
Missing character: There is no / in font nullfont!
Missing character: There is no l in font nullfont!
Missing character: There is no e in font nullfont!
Missing character: There is no a in font nullfont!
Missing character: There is no r in font nullfont!
Missing character: There is no n in font nullfont!
Missing character: There is no / in font nullfont!
Missing character: There is no l in font nullfont!
Missing character: There is no a in font nullfont!
Missing character: There is no t in font nullfont!
Missing character: There is no e in font nullfont!
Missing character: There is no x in font nullfont!
Missing character: There is no / in font nullfont!
Missing character: There is no B in font nullfont!
Missing character: There is no i in font nullfont!
Missing character: There is no b in font nullfont!
Missing character: There is no t in font nullfont!
Missing character: There is no e in font nullfont!
Missing character: There is no x in font nullfont!
Missing character: There is no b in font nullfont!
Missing character: There is no i in font nullfont!
Missing character: There is no b in font nullfont!
Missing character: There is no l in font nullfont!
Missing character: There is no i in font nullfont!
Missing character: There is no o in font nullfont!
Missing character: There is no g in font nullfont!
Missing character: There is no r in font nullfont!
Missing character: There is no a in font nullfont!
Missing character: There is no p in font nullfont!
Missing character: There is no h in font nullfont!
Missing character: There is no y in font nullfont!
Missing character: There is no s in font nullfont!
Missing character: There is no t in font nullfont!
Missing character: There is no y in font nullfont!
Missing character: There is no l in font nullfont!
Missing character: There is no e in font nullfont!
Missing character: There is no s in font nullfont!
)
! Emergency stop.
<*> "./2.Literature Review.tex"
                               
*** (job aborted, no legal \end found)

 
Here is how much of TeX's memory you used:
 51 strings out of 402628
 989 string characters out of 5439113
 428017 words of memory out of 5000000
 29199 multiletter control sequences out of 15000+600000
 628024 words of font info for 41 fonts, out of 8000000 for 9000
 1348 hyphenation exceptions out of 8191
 28i,1n,28p,272b,125s stack positions out of 10000i,1000n,20000p,200000b,200000s
No pages of output.
